// Jest Snapshot v1, https://goo.gl/fbAQLP

exports[`MovieDetails Snapshpt tests: Should render correctly 1`] = `
<div
  className="MovieDetails"
>
  <div
    className="MovieDetails_Header"
  >
    <div
      className="MovieDetails_Logo"
    >
      <span
        className="root"
      >
        <span
          className="main-part"
        >
          netflix
        </span>
        <span>
          rolulette
        </span>
      </span>
    </div>
    <a
      className="NxrSearchButton"
      href="#"
    >
      <svg
        aria-hidden="true"
        className="svg-inline--fa fa-search fa-w-16 fa-lg fa-rotate-90"
        data-icon="search"
        data-prefix="fas"
        focusable="false"
        role="img"
        style={Object {}}
        viewBox="0 0 512 512"
        xmlns="http://www.w3.org/2000/svg"
      >
        <path
          d="M505 442.7L405.3 343c-4.5-4.5-10.6-7-17-7H372c27.6-35.3 44-79.7 44-128C416 93.1 322.9 0 208 0S0 93.1 0 208s93.1 208 208 208c48.3 0 92.7-16.4 128-44v16.3c0 6.4 2.5 12.5 7 17l99.7 99.7c9.4 9.4 24.6 9.4 33.9 0l28.3-28.3c9.4-9.4 9.4-24.6.1-34zM208 336c-70.7 0-128-57.2-128-128 0-70.7 57.2-128 128-128 70.7 0 128 57.2 128 128 0 70.7-57.2 128-128 128z"
          fill="currentColor"
          style={Object {}}
        />
      </svg>
    </a>
  </div>
  <div
    className="MovieDetails_Container"
  >
    <img
      height="450"
      src="test img"
      width="330"
    />
    <div
      className="MovieDetails_Info"
    >
      <span
        className="MovieDetails_Title"
      >
        Test title
      </span>
      <span
        className="MovieDetails_Rate"
      >
        5.5
      </span>
      <p
        className="MovieDetails_Genre"
      >
        testg1 & testg2
      </p>
      <div
        className="MovieDetails_Time"
      >
        <span
          className="MovieDetails_DateTime"
        >
          2000
        </span>
        <span
          className="MovieDetails_DateTimeLabel"
        >
          year
        </span>
        <span
          className="MovieDetails_DateTime"
        >
          180
        </span>
        <span
          className="MovieDetails_DateTimeLabel"
        >
          min
        </span>
      </div>
      <p
        className="MovieDetails_Description"
      >
        Test description
      </p>
    </div>
  </div>
</div>
`;
