// Jest Snapshot v1, https://goo.gl/fbAQLP

exports[`NxrButton Snapshpt tests: Should render correctly 1`] = `
<div
  className="NxrToogle"
>
  <span
    className="NxrToogle_ModeTitle"
  >
    Search by
  </span>
  <div
    className="NxrToogle_Container"
  >
    <button
      className="NxrToogle_Btn NxrToogle_Btn-Inactive"
      onClick={[Function]}
      value="test value 1"
    >
      test value 1
    </button>
    <button
      className="NxrToogle_Btn NxrToogle_Btn-Inactive"
      onClick={[Function]}
      value="test value 2"
    >
      test value 2
    </button>
  </div>
</div>
`;

exports[`NxrButton Snapshpt tests: Should render correctly 2`] = `
<div
  className="NxrToogle"
>
  <span
    className="NxrToogle_ModeTitle"
  >
    Search by
  </span>
  <div
    className="NxrToogle_Container"
  >
    <button
      className="NxrToogle_Btn NxrToogle_Btn-Active"
      onClick={[Function]}
    >
      test value 1
    </button>
    <button
      className="NxrToogle_Btn NxrToogle_Btn-Inactive"
      onClick={[Function]}
    >
      test value 2
    </button>
  </div>
</div>
`;
