// Jest Snapshot v1, https://goo.gl/fbAQLP

exports[`Snapshpt tests Should render correctly MovieCard 1`] = `
<div
  className="MovCard"
>
  <img
    height="410"
    src="https://image.tmdb.org/t/p/w500/uxzzxijgPIY7slzFvMotPv8wjKA.jpg"
    width="300"
  />
  <div
    className="Row"
  >
    <span
      className="MovCard_MovieTitle"
    >
      Black Panther
    </span>
    <div
      className="MovCard_MovieInfo MovCard_MovieInfoBorder"
    >
      2018
    </div>
  </div>
  <p
    className="MovCard_MovieInfo"
  >
    Action & Adventure & Fantasy & Science Fiction
  </p>
</div>
`;
