// Jest Snapshot v1, https://goo.gl/fbAQLP

exports[`Logo snapshots renders correctly 1`] = `
<span
  className="root"
>
  <span
    className="main-part"
  >
    netflix
  </span>
  <span>
    rolulette
  </span>
</span>
`;
